// Jest Snapshot v1, https://goo.gl/fbAQLP

exports[`Facebook Component renders as expected 1`] = `
<Button
  fbBtn={true}
  onPress={[Function]}
  shadow={true}
  style={Object {}}
  text="test"
  textStyle={Object {}}
/>
`;
